============================================================
    调货助手 v1.03 - 机型管理交互全面测试
============================================================
  初始化数据库...
python : Traceback (most recent call last):
所在位置 行:1 字符: 5
+ & { python -u comprehensive_test.py 2>&1 | Tee-Object -FilePath test_ ...
+     ~~~~~~~~~~~~~~~~~~~~~~~~~~~~~~~~~~~~
    + CategoryInfo          : NotSpecified: (Traceback (most recent call last) 
   ::String) [], RemoteException
    + FullyQualifiedErrorId : NativeCommandError
 
  File "D:\OH-workspace\diaohuo-assistant\comprehensive_test.py", line 253, in 
<module>
    exit_code = main()
                ~~~~^^
  File "D:\OH-workspace\diaohuo-assistant\comprehensive_test.py", line 70, in m
ain
    log("初始化数据库...")
    ~~~^^^^^^^^^^^^^^^^^^^
  File "D:\OH-workspace\diaohuo-assistant\comprehensive_test.py", line 30, in l
og
    _output_file.write(line + "\n")
    ~~~~~~~~~~~~~~~~~~^^^^^^^^^^^^^
ValueError: I/O operation on closed file.
